:: loading settings :: url = jar:file:/opt/spark/jars/ivy-2.5.1.jar!/org/apache/ivy/core/settings/ivysettings.xml
Ivy Default Cache set to: /opt/data-lake/.ivy2/cache
The jars for the packages stored in: /opt/data-lake/.ivy2/jars
io.delta#delta-spark_2.12 added as a dependency
:: resolving dependencies :: org.apache.spark#spark-submit-parent-76e04195-4690-4fa2-82e8-15a4a77ca79c;1.0
	confs: [default]
	found io.delta#delta-spark_2.12;3.2.0 in central
	found io.delta#delta-storage;3.2.0 in central
	found org.antlr#antlr4-runtime;4.9.3 in central
:: resolution report :: resolve 529ms :: artifacts dl 26ms
	:: modules in use:
	io.delta#delta-spark_2.12;3.2.0 from central in [default]
	io.delta#delta-storage;3.2.0 from central in [default]
	org.antlr#antlr4-runtime;4.9.3 from central in [default]
	---------------------------------------------------------------------
	|                  |            modules            ||   artifacts   |
	|       conf       | number| search|dwnlded|evicted|| number|dwnlded|
	---------------------------------------------------------------------
	|      default     |   3   |   0   |   0   |   0   ||   3   |   0   |
	---------------------------------------------------------------------
:: retrieving :: org.apache.spark#spark-submit-parent-76e04195-4690-4fa2-82e8-15a4a77ca79c
	confs: [default]
	0 artifacts copied, 3 already retrieved (0kB/21ms)
26/08/06 09:46:59 WARN NativeCodeLoader: Unable to load native-hadoop library for your platform... using builtin-java classes where applicable
Exception in thread "main" org.apache.spark.SparkException: Failed to get main class in JAR with error 'File file:/opt/spark_jobs/sil does not exist'.  Please specify one with --class.
	at org.apache.spark.deploy.SparkSubmit.error(SparkSubmit.scala:1047)
	at org.apache.spark.deploy.SparkSubmit.prepareSubmitEnvironment(SparkSubmit.scala:528)
	at org.apache.spark.deploy.SparkSubmit.org$apache$spark$deploy$SparkSubmit$$runMain(SparkSubmit.scala:964)
	at org.apache.spark.deploy.SparkSubmit.doRunMain$1(SparkSubmit.scala:194)
	at org.apache.spark.deploy.SparkSubmit.submit(SparkSubmit.scala:217)
	at org.apache.spark.deploy.SparkSubmit.doSubmit(SparkSubmit.scala:91)
	at org.apache.spark.deploy.SparkSubmit$$anon$2.doSubmit(SparkSubmit.scala:1120)
	at org.apache.spark.deploy.SparkSubmit$.main(SparkSubmit.scala:1129)
	at org.apache.spark.deploy.SparkSubmit.main(SparkSubmit.scala)
:: loading settings :: url = jar:file:/opt/spark/jars/ivy-2.5.1.jar!/org/apache/ivy/core/settings/ivysettings.xml
Ivy Default Cache set to: /opt/data-lake/.ivy2/cache
The jars for the packages stored in: /opt/data-lake/.ivy2/jars
io.delta#delta-spark_2.12 added as a dependency
org.apache.spark#spark-sql-kafka-0-10_2.12 added as a dependency
:: resolving dependencies :: org.apache.spark#spark-submit-parent-f21cf5d2-423c-445a-90a6-efbc4836aaef;1.0
	confs: [default]
	found io.delta#delta-spark_2.12;3.2.0 in central
	found io.delta#delta-storage;3.2.0 in central
	found org.antlr#antlr4-runtime;4.9.3 in central
	found org.apache.spark#spark-sql-kafka-0-10_2.12;3.5.3 in central
	found org.apache.spark#spark-token-provider-kafka-0-10_2.12;3.5.3 in central
	found org.apache.kafka#kafka-clients;3.4.1 in central
	found org.lz4#lz4-java;1.8.0 in central
	found org.xerial.snappy#snappy-java;1.1.10.5 in central
	found org.slf4j#slf4j-api;2.0.7 in central
	found org.apache.hadoop#hadoop-client-runtime;3.3.4 in central
	found org.apache.hadoop#hadoop-client-api;3.3.4 in central
	found commons-logging#commons-logging;1.1.3 in central
	found com.google.code.findbugs#jsr305;3.0.0 in central
	found org.apache.commons#commons-pool2;2.11.1 in central
:: resolution report :: resolve 1590ms :: artifacts dl 70ms
	:: modules in use:
	com.google.code.findbugs#jsr305;3.0.0 from central in [default]
	commons-logging#commons-logging;1.1.3 from central in [default]
	io.delta#delta-spark_2.12;3.2.0 from central in [default]
	io.delta#delta-storage;3.2.0 from central in [default]
	org.antlr#antlr4-runtime;4.9.3 from central in [default]
	org.apache.commons#commons-pool2;2.11.1 from central in [default]
	org.apache.hadoop#hadoop-client-api;3.3.4 from central in [default]
	org.apache.hadoop#hadoop-client-runtime;3.3.4 from central in [default]
	org.apache.kafka#kafka-clients;3.4.1 from central in [default]
	org.apache.spark#spark-sql-kafka-0-10_2.12;3.5.3 from central in [default]
	org.apache.spark#spark-token-provider-kafka-0-10_2.12;3.5.3 from central in [default]
	org.lz4#lz4-java;1.8.0 from central in [default]
	org.slf4j#slf4j-api;2.0.7 from central in [default]
	org.xerial.snappy#snappy-java;1.1.10.5 from central in [default]
	---------------------------------------------------------------------
	|                  |            modules            ||   artifacts   |
	|       conf       | number| search|dwnlded|evicted|| number|dwnlded|
	---------------------------------------------------------------------
	|      default     |   14  |   0   |   0   |   0   ||   14  |   0   |
	---------------------------------------------------------------------
:: retrieving :: org.apache.spark#spark-submit-parent-f21cf5d2-423c-445a-90a6-efbc4836aaef
	confs: [default]
	0 artifacts copied, 14 already retrieved (0kB/36ms)
26/08/06 10:21:30 WARN NativeCodeLoader: Unable to load native-hadoop library for your platform... using builtin-java classes where applicable
Exception in thread "main" org.apache.spark.SparkException: Failed to get main class in JAR with error 'File file:/opt/spark_jobs/br does not exist'.  Please specify one with --class.
	at org.apache.spark.deploy.SparkSubmit.error(SparkSubmit.scala:1047)
	at org.apache.spark.deploy.SparkSubmit.prepareSubmitEnvironment(SparkSubmit.scala:528)
	at org.apache.spark.deploy.SparkSubmit.org$apache$spark$deploy$SparkSubmit$$runMain(SparkSubmit.scala:964)
	at org.apache.spark.deploy.SparkSubmit.doRunMain$1(SparkSubmit.scala:194)
	at org.apache.spark.deploy.SparkSubmit.submit(SparkSubmit.scala:217)
	at org.apache.spark.deploy.SparkSubmit.doSubmit(SparkSubmit.scala:91)
	at org.apache.spark.deploy.SparkSubmit$$anon$2.doSubmit(SparkSubmit.scala:1120)
	at org.apache.spark.deploy.SparkSubmit$.main(SparkSubmit.scala:1129)
	at org.apache.spark.deploy.SparkSubmit.main(SparkSubmit.scala)
